// Jest Snapshot v1, https://goo.gl/fbAQLP

exports[`Divider Theme: jobStreet Default 1`] = `
<div
  class="Divider__root Box__root borderColor__standard"
>
  <div
    class="Divider__divider borderWidth__standard borderColor__standard"
  />
</div>
`;

exports[`Divider Theme: seekAnz Default 1`] = `
<div
  class="Divider__root Box__root borderColor__standard"
>
  <div
    class="Divider__divider borderWidth__standard borderColor__standard"
  />
</div>
`;

exports[`Divider Theme: seekAsia Default 1`] = `
<div
  class="Divider__root Box__root borderColor__standard"
>
  <div
    class="Divider__divider borderWidth__standard borderColor__standard"
  />
</div>
`;

exports[`Divider Theme: wireframe Default 1`] = `
<div
  class="Divider__root Box__root borderColor__standard"
>
  <div
    class="Divider__divider borderWidth__standard borderColor__standard"
  />
</div>
`;
