// Jest Snapshot v1, https://goo.gl/fbAQLP

exports[`Reset Theme: jobStreet Component 1`] = `
<span
  class=""
  data-custom="component"
>
  Children
</span>
`;

exports[`Reset Theme: jobStreet Known element 1`] = `
<section
  class="reset__section"
>
  Children
</section>
`;

exports[`Reset Theme: jobStreet Unknown element 1`] = `
<custom-element
  classname=""
>
  Children
</custom-element>
`;

exports[`Reset Theme: seekAnz Component 1`] = `
<span
  class=""
  data-custom="component"
>
  Children
</span>
`;

exports[`Reset Theme: seekAnz Known element 1`] = `
<section
  class="reset__section"
>
  Children
</section>
`;

exports[`Reset Theme: seekAnz Unknown element 1`] = `
<custom-element
  classname=""
>
  Children
</custom-element>
`;

exports[`Reset Theme: seekAsia Component 1`] = `
<span
  class=""
  data-custom="component"
>
  Children
</span>
`;

exports[`Reset Theme: seekAsia Known element 1`] = `
<section
  class="reset__section"
>
  Children
</section>
`;

exports[`Reset Theme: seekAsia Unknown element 1`] = `
<custom-element
  classname=""
>
  Children
</custom-element>
`;

exports[`Reset Theme: wireframe Component 1`] = `
<span
  class=""
  data-custom="component"
>
  Children
</span>
`;

exports[`Reset Theme: wireframe Known element 1`] = `
<section
  class="reset__section"
>
  Children
</section>
`;

exports[`Reset Theme: wireframe Unknown element 1`] = `
<custom-element
  classname=""
>
  Children
</custom-element>
`;
