// Jest Snapshot v1, https://goo.gl/fbAQLP

exports[`Bullet Theme: jobStreet Default 1`] = `
<li
  class="Text__block Text__listItem Box__root borderColor__default paddingBottom__smaller"
  style="margin-left: 1.3em;"
>
  <span
    class="Text__block color__neutral fontFamily__text fontSize__standard fontWeight__regular"
  >
    Bullet
  </span>
</li>
`;

exports[`Bullet Theme: seekAnz Default 1`] = `
<li
  class="Text__block Text__listItem Box__root borderColor__default paddingBottom__smaller"
  style="margin-left: 1.3em;"
>
  <span
    class="Text__block color__neutral fontFamily__text fontSize__standard fontWeight__regular"
  >
    Bullet
  </span>
</li>
`;

exports[`Bullet Theme: seekAsia Default 1`] = `
<li
  class="Text__block Text__listItem Box__root borderColor__default paddingBottom__smaller"
  style="margin-left: 1.3em;"
>
  <span
    class="Text__block color__neutral fontFamily__text fontSize__standard fontWeight__regular"
  >
    Bullet
  </span>
</li>
`;

exports[`Bullet Theme: wireframe Default 1`] = `
<li
  class="Text__block Text__listItem Box__root borderColor__default paddingBottom__smaller"
  style="margin-left: 1.3em;"
>
  <span
    class="Text__block color__neutral fontFamily__text fontSize__standard fontWeight__regular"
  >
    Bullet
  </span>
</li>
`;
