// Jest Snapshot v1, https://goo.gl/fbAQLP

exports[`ChecklistCard Theme: jobStreet Default 1`] = `
<div
  class="Box__root backgroundColor__card borderColor__standard marginBottom__medium"
>
  <div
    class="paddingBottom__xsmall"
  >
    <input
      aria-describedby="1-message"
      class="Checkbox__realCheckbox"
      id="1"
      type="checkbox"
    />
    <div
      class="Checkbox__content"
    >
      <label
        class="Checkbox__label Box__root borderColor__standard paddingTop__xsmall paddingRight__gutter paddingLeft__gutter"
        for="1"
        style="min-height: 44px;"
      >
        <div
          class="Checkbox__checkboxContainer Box__root borderColor__standard marginRight__medium"
          style="width: 24px; height: 24px; margin-top: 10px;"
        >
          <div
            class="Checkbox__checkbox borderRadius__standard Box__root backgroundColor__input borderColor__standard borderWidth__standard"
          />
          <div
            class="Checkbox__checkbox Checkbox__checkboxHover borderRadius__standard Box__root backgroundColor__input borderColor__formAccent borderWidth__standard"
          />
          <div
            class="Checkbox__checkbox Checkbox__checkboxFocus boxShadow__focus borderRadius__standard transition__fast Box__root backgroundColor__input borderColor__standard"
          />
          <div
            class="Checkbox__checkbox Checkbox__checkboxChecked backgroundColor__formAccent borderRadius__standard transition__fast Box__root backgroundColor__input borderColor__formAccent borderWidth__standard"
          />
          <div
            class="Checkbox__checkbox Checkbox__checkboxDisabled borderRadius__standard transition__fast Box__root backgroundColor__inputDisabled borderColor__standard borderWidth__standard"
          />
          <div
            class="Checkbox__checkbox Checkbox__checkboxCritical borderRadius__standard transition__fast Box__root borderColor__critical borderWidth__standard"
            style="opacity: 0;"
          />
          <svg
            class="Checkbox__checkboxIcon fill__white transition__fast Icon__fillSize Box__root borderColor__standard"
            height="16"
            viewBox="90.471 302.809 823 823"
            width="16"
          >
            <path
              d="M365.407 1022.185L90.677 747.457l67.883-67.882L365.406 886.42l479.977-479.988 67.883 67.882"
            />
          </svg>
        </div>
        <div
          class="Text__block fontFamily__text color__neutral fontSize__interaction fontWeight__regular Box__root borderColor__standard"
        >
          Label 1
        </div>
      </label>
    </div>
    <div
      class="Box__root borderColor__standard paddingRight__gutter paddingLeft__gutter"
    >
      <div
        class="Text__block fontFamily__text color__neutral fontSize__standard fontWeight__regular transform__standardText Box__root borderColor__standard paddingBottom__small"
        id="1-message"
        tabindex="-1"
      >
        <div
          class="FieldMessage__content"
        >
          <div
            class="height__standardText"
          />
          <div />
        </div>
      </div>
    </div>
  </div>
  <div
    class="Divider__root Box__root borderColor__standard"
  >
    <div
      class="Divider__divider borderWidth__standard borderColor__standard"
    />
  </div>
  <div
    class="paddingBottom__xsmall"
  >
    <input
      aria-describedby="2-message"
      class="Checkbox__realCheckbox"
      id="2"
      type="checkbox"
    />
    <div
      class="Checkbox__content"
    >
      <label
        class="Checkbox__label Box__root borderColor__standard paddingTop__xsmall paddingRight__gutter paddingLeft__gutter"
        for="2"
        style="min-height: 44px;"
      >
        <div
          class="Checkbox__checkboxContainer Box__root borderColor__standard marginRight__medium"
          style="width: 24px; height: 24px; margin-top: 10px;"
        >
          <div
            class="Checkbox__checkbox borderRadius__standard Box__root backgroundColor__input borderColor__standard borderWidth__standard"
          />
          <div
            class="Checkbox__checkbox Checkbox__checkboxHover borderRadius__standard Box__root backgroundColor__input borderColor__formAccent borderWidth__standard"
          />
          <div
            class="Checkbox__checkbox Checkbox__checkboxFocus boxShadow__focus borderRadius__standard transition__fast Box__root backgroundColor__input borderColor__standard"
          />
          <div
            class="Checkbox__checkbox Checkbox__checkboxChecked backgroundColor__formAccent borderRadius__standard transition__fast Box__root backgroundColor__input borderColor__formAccent borderWidth__standard"
          />
          <div
            class="Checkbox__checkbox Checkbox__checkboxDisabled borderRadius__standard transition__fast Box__root backgroundColor__inputDisabled borderColor__standard borderWidth__standard"
          />
          <div
            class="Checkbox__checkbox Checkbox__checkboxCritical borderRadius__standard transition__fast Box__root borderColor__critical borderWidth__standard"
            style="opacity: 0;"
          />
          <svg
            class="Checkbox__checkboxIcon fill__white transition__fast Icon__fillSize Box__root borderColor__standard"
            height="16"
            viewBox="90.471 302.809 823 823"
            width="16"
          >
            <path
              d="M365.407 1022.185L90.677 747.457l67.883-67.882L365.406 886.42l479.977-479.988 67.883 67.882"
            />
          </svg>
        </div>
        <div
          class="Text__block fontFamily__text color__neutral fontSize__interaction fontWeight__regular Box__root borderColor__standard"
        >
          Label 2
        </div>
      </label>
    </div>
    <div
      class="Box__root borderColor__standard paddingRight__gutter paddingLeft__gutter"
    >
      <div
        class="Text__block fontFamily__text color__neutral fontSize__standard fontWeight__regular transform__standardText Box__root borderColor__standard paddingBottom__small"
        id="2-message"
        tabindex="-1"
      >
        <div
          class="FieldMessage__content"
        >
          <div
            class="height__standardText"
          />
          <div />
        </div>
      </div>
    </div>
  </div>
  <div
    class="Divider__root Box__root borderColor__standard"
  >
    <div
      class="Divider__divider borderWidth__standard borderColor__standard"
    />
  </div>
  <div
    class="paddingBottom__xsmall"
  >
    <input
      aria-describedby="3-message"
      class="Checkbox__realCheckbox"
      id="3"
      type="checkbox"
    />
    <div
      class="Checkbox__content"
    >
      <label
        class="Checkbox__label Box__root borderColor__standard paddingTop__xsmall paddingRight__gutter paddingLeft__gutter"
        for="3"
        style="min-height: 44px;"
      >
        <div
          class="Checkbox__checkboxContainer Box__root borderColor__standard marginRight__medium"
          style="width: 24px; height: 24px; margin-top: 10px;"
        >
          <div
            class="Checkbox__checkbox borderRadius__standard Box__root backgroundColor__input borderColor__standard borderWidth__standard"
          />
          <div
            class="Checkbox__checkbox Checkbox__checkboxHover borderRadius__standard Box__root backgroundColor__input borderColor__formAccent borderWidth__standard"
          />
          <div
            class="Checkbox__checkbox Checkbox__checkboxFocus boxShadow__focus borderRadius__standard transition__fast Box__root backgroundColor__input borderColor__standard"
          />
          <div
            class="Checkbox__checkbox Checkbox__checkboxChecked backgroundColor__formAccent borderRadius__standard transition__fast Box__root backgroundColor__input borderColor__formAccent borderWidth__standard"
          />
          <div
            class="Checkbox__checkbox Checkbox__checkboxDisabled borderRadius__standard transition__fast Box__root backgroundColor__inputDisabled borderColor__standard borderWidth__standard"
          />
          <div
            class="Checkbox__checkbox Checkbox__checkboxCritical borderRadius__standard transition__fast Box__root borderColor__critical borderWidth__standard"
            style="opacity: 0;"
          />
          <svg
            class="Checkbox__checkboxIcon fill__white transition__fast Icon__fillSize Box__root borderColor__standard"
            height="16"
            viewBox="90.471 302.809 823 823"
            width="16"
          >
            <path
              d="M365.407 1022.185L90.677 747.457l67.883-67.882L365.406 886.42l479.977-479.988 67.883 67.882"
            />
          </svg>
        </div>
        <div
          class="Text__block fontFamily__text color__neutral fontSize__interaction fontWeight__regular Box__root borderColor__standard"
        >
          Label 3
        </div>
      </label>
    </div>
    <div
      class="Box__root borderColor__standard paddingRight__gutter paddingLeft__gutter"
    >
      <div
        class="Text__block fontFamily__text color__neutral fontSize__standard fontWeight__regular transform__standardText Box__root borderColor__standard paddingBottom__small"
        id="3-message"
        tabindex="-1"
      >
        <div
          class="FieldMessage__content"
        >
          <div
            class="height__standardText"
          />
          <div />
        </div>
      </div>
    </div>
  </div>
</div>
`;

exports[`ChecklistCard Theme: seekAnz Default 1`] = `
<div
  class="Box__root backgroundColor__card borderColor__standard marginBottom__medium"
>
  <div
    class="paddingBottom__xsmall"
  >
    <input
      aria-describedby="1-message"
      class="Checkbox__realCheckbox"
      id="1"
      type="checkbox"
    />
    <div
      class="Checkbox__content"
    >
      <label
        class="Checkbox__label Box__root borderColor__standard paddingTop__xsmall paddingRight__gutter paddingLeft__gutter"
        for="1"
        style="min-height: 48px;"
      >
        <div
          class="Checkbox__checkboxContainer Box__root borderColor__standard marginRight__medium"
          style="width: 30px; height: 30px; margin-top: 9px;"
        >
          <div
            class="Checkbox__checkbox borderRadius__standard Box__root backgroundColor__input borderColor__standard borderWidth__standard"
          />
          <div
            class="Checkbox__checkbox Checkbox__checkboxHover borderRadius__standard Box__root backgroundColor__input borderColor__formAccent borderWidth__standard"
          />
          <div
            class="Checkbox__checkbox Checkbox__checkboxFocus boxShadow__focus borderRadius__standard transition__fast Box__root backgroundColor__input borderColor__standard"
          />
          <div
            class="Checkbox__checkbox Checkbox__checkboxChecked backgroundColor__formAccent borderRadius__standard transition__fast Box__root backgroundColor__input borderColor__formAccent borderWidth__standard"
          />
          <div
            class="Checkbox__checkbox Checkbox__checkboxDisabled borderRadius__standard transition__fast Box__root backgroundColor__inputDisabled borderColor__standard borderWidth__standard"
          />
          <div
            class="Checkbox__checkbox Checkbox__checkboxCritical borderRadius__standard transition__fast Box__root borderColor__critical borderWidth__standard"
            style="opacity: 0;"
          />
          <svg
            class="Checkbox__checkboxIcon fill__white transition__fast Icon__fillSize Box__root borderColor__standard"
            height="16"
            viewBox="90.471 302.809 823 823"
            width="16"
          >
            <path
              d="M365.407 1022.185L90.677 747.457l67.883-67.882L365.406 886.42l479.977-479.988 67.883 67.882"
            />
          </svg>
        </div>
        <div
          class="Text__block fontFamily__text color__neutral fontSize__interaction fontWeight__regular Box__root borderColor__standard"
        >
          Label 1
        </div>
      </label>
    </div>
    <div
      class="Box__root borderColor__standard paddingRight__gutter paddingLeft__gutter"
    >
      <div
        class="Text__block fontFamily__text color__neutral fontSize__standard fontWeight__regular transform__standardText Box__root borderColor__standard paddingBottom__small"
        id="1-message"
        tabindex="-1"
      >
        <div
          class="FieldMessage__content"
        >
          <div
            class="height__standardText"
          />
          <div />
        </div>
      </div>
    </div>
  </div>
  <div
    class="Divider__root Box__root borderColor__standard"
  >
    <div
      class="Divider__divider borderWidth__standard borderColor__standard"
    />
  </div>
  <div
    class="paddingBottom__xsmall"
  >
    <input
      aria-describedby="2-message"
      class="Checkbox__realCheckbox"
      id="2"
      type="checkbox"
    />
    <div
      class="Checkbox__content"
    >
      <label
        class="Checkbox__label Box__root borderColor__standard paddingTop__xsmall paddingRight__gutter paddingLeft__gutter"
        for="2"
        style="min-height: 48px;"
      >
        <div
          class="Checkbox__checkboxContainer Box__root borderColor__standard marginRight__medium"
          style="width: 30px; height: 30px; margin-top: 9px;"
        >
          <div
            class="Checkbox__checkbox borderRadius__standard Box__root backgroundColor__input borderColor__standard borderWidth__standard"
          />
          <div
            class="Checkbox__checkbox Checkbox__checkboxHover borderRadius__standard Box__root backgroundColor__input borderColor__formAccent borderWidth__standard"
          />
          <div
            class="Checkbox__checkbox Checkbox__checkboxFocus boxShadow__focus borderRadius__standard transition__fast Box__root backgroundColor__input borderColor__standard"
          />
          <div
            class="Checkbox__checkbox Checkbox__checkboxChecked backgroundColor__formAccent borderRadius__standard transition__fast Box__root backgroundColor__input borderColor__formAccent borderWidth__standard"
          />
          <div
            class="Checkbox__checkbox Checkbox__checkboxDisabled borderRadius__standard transition__fast Box__root backgroundColor__inputDisabled borderColor__standard borderWidth__standard"
          />
          <div
            class="Checkbox__checkbox Checkbox__checkboxCritical borderRadius__standard transition__fast Box__root borderColor__critical borderWidth__standard"
            style="opacity: 0;"
          />
          <svg
            class="Checkbox__checkboxIcon fill__white transition__fast Icon__fillSize Box__root borderColor__standard"
            height="16"
            viewBox="90.471 302.809 823 823"
            width="16"
          >
            <path
              d="M365.407 1022.185L90.677 747.457l67.883-67.882L365.406 886.42l479.977-479.988 67.883 67.882"
            />
          </svg>
        </div>
        <div
          class="Text__block fontFamily__text color__neutral fontSize__interaction fontWeight__regular Box__root borderColor__standard"
        >
          Label 2
        </div>
      </label>
    </div>
    <div
      class="Box__root borderColor__standard paddingRight__gutter paddingLeft__gutter"
    >
      <div
        class="Text__block fontFamily__text color__neutral fontSize__standard fontWeight__regular transform__standardText Box__root borderColor__standard paddingBottom__small"
        id="2-message"
        tabindex="-1"
      >
        <div
          class="FieldMessage__content"
        >
          <div
            class="height__standardText"
          />
          <div />
        </div>
      </div>
    </div>
  </div>
  <div
    class="Divider__root Box__root borderColor__standard"
  >
    <div
      class="Divider__divider borderWidth__standard borderColor__standard"
    />
  </div>
  <div
    class="paddingBottom__xsmall"
  >
    <input
      aria-describedby="3-message"
      class="Checkbox__realCheckbox"
      id="3"
      type="checkbox"
    />
    <div
      class="Checkbox__content"
    >
      <label
        class="Checkbox__label Box__root borderColor__standard paddingTop__xsmall paddingRight__gutter paddingLeft__gutter"
        for="3"
        style="min-height: 48px;"
      >
        <div
          class="Checkbox__checkboxContainer Box__root borderColor__standard marginRight__medium"
          style="width: 30px; height: 30px; margin-top: 9px;"
        >
          <div
            class="Checkbox__checkbox borderRadius__standard Box__root backgroundColor__input borderColor__standard borderWidth__standard"
          />
          <div
            class="Checkbox__checkbox Checkbox__checkboxHover borderRadius__standard Box__root backgroundColor__input borderColor__formAccent borderWidth__standard"
          />
          <div
            class="Checkbox__checkbox Checkbox__checkboxFocus boxShadow__focus borderRadius__standard transition__fast Box__root backgroundColor__input borderColor__standard"
          />
          <div
            class="Checkbox__checkbox Checkbox__checkboxChecked backgroundColor__formAccent borderRadius__standard transition__fast Box__root backgroundColor__input borderColor__formAccent borderWidth__standard"
          />
          <div
            class="Checkbox__checkbox Checkbox__checkboxDisabled borderRadius__standard transition__fast Box__root backgroundColor__inputDisabled borderColor__standard borderWidth__standard"
          />
          <div
            class="Checkbox__checkbox Checkbox__checkboxCritical borderRadius__standard transition__fast Box__root borderColor__critical borderWidth__standard"
            style="opacity: 0;"
          />
          <svg
            class="Checkbox__checkboxIcon fill__white transition__fast Icon__fillSize Box__root borderColor__standard"
            height="16"
            viewBox="90.471 302.809 823 823"
            width="16"
          >
            <path
              d="M365.407 1022.185L90.677 747.457l67.883-67.882L365.406 886.42l479.977-479.988 67.883 67.882"
            />
          </svg>
        </div>
        <div
          class="Text__block fontFamily__text color__neutral fontSize__interaction fontWeight__regular Box__root borderColor__standard"
        >
          Label 3
        </div>
      </label>
    </div>
    <div
      class="Box__root borderColor__standard paddingRight__gutter paddingLeft__gutter"
    >
      <div
        class="Text__block fontFamily__text color__neutral fontSize__standard fontWeight__regular transform__standardText Box__root borderColor__standard paddingBottom__small"
        id="3-message"
        tabindex="-1"
      >
        <div
          class="FieldMessage__content"
        >
          <div
            class="height__standardText"
          />
          <div />
        </div>
      </div>
    </div>
  </div>
</div>
`;

exports[`ChecklistCard Theme: seekAsia Default 1`] = `
<div
  class="Box__root backgroundColor__card borderColor__standard marginBottom__medium"
>
  <div
    class="paddingBottom__xsmall"
  >
    <input
      aria-describedby="1-message"
      class="Checkbox__realCheckbox"
      id="1"
      type="checkbox"
    />
    <div
      class="Checkbox__content"
    >
      <label
        class="Checkbox__label Box__root borderColor__standard paddingTop__xsmall paddingRight__gutter paddingLeft__gutter"
        for="1"
        style="min-height: 44px;"
      >
        <div
          class="Checkbox__checkboxContainer Box__root borderColor__standard marginRight__medium"
          style="width: 24px; height: 24px; margin-top: 10px;"
        >
          <div
            class="Checkbox__checkbox borderRadius__standard Box__root backgroundColor__input borderColor__standard borderWidth__standard"
          />
          <div
            class="Checkbox__checkbox Checkbox__checkboxHover borderRadius__standard Box__root backgroundColor__input borderColor__formAccent borderWidth__standard"
          />
          <div
            class="Checkbox__checkbox Checkbox__checkboxFocus boxShadow__focus borderRadius__standard transition__fast Box__root backgroundColor__input borderColor__standard"
          />
          <div
            class="Checkbox__checkbox Checkbox__checkboxChecked backgroundColor__formAccent borderRadius__standard transition__fast Box__root backgroundColor__input borderColor__formAccent borderWidth__standard"
          />
          <div
            class="Checkbox__checkbox Checkbox__checkboxDisabled borderRadius__standard transition__fast Box__root backgroundColor__inputDisabled borderColor__standard borderWidth__standard"
          />
          <div
            class="Checkbox__checkbox Checkbox__checkboxCritical borderRadius__standard transition__fast Box__root borderColor__critical borderWidth__standard"
            style="opacity: 0;"
          />
          <svg
            class="Checkbox__checkboxIcon fill__white transition__fast Icon__fillSize Box__root borderColor__standard"
            height="16"
            viewBox="90.471 302.809 823 823"
            width="16"
          >
            <path
              d="M365.407 1022.185L90.677 747.457l67.883-67.882L365.406 886.42l479.977-479.988 67.883 67.882"
            />
          </svg>
        </div>
        <div
          class="Text__block fontFamily__text color__neutral fontSize__interaction fontWeight__regular Box__root borderColor__standard"
        >
          Label 1
        </div>
      </label>
    </div>
    <div
      class="Box__root borderColor__standard paddingRight__gutter paddingLeft__gutter"
    >
      <div
        class="Text__block fontFamily__text color__neutral fontSize__standard fontWeight__regular transform__standardText Box__root borderColor__standard paddingBottom__small"
        id="1-message"
        tabindex="-1"
      >
        <div
          class="FieldMessage__content"
        >
          <div
            class="height__standardText"
          />
          <div />
        </div>
      </div>
    </div>
  </div>
  <div
    class="Divider__root Box__root borderColor__standard"
  >
    <div
      class="Divider__divider borderWidth__standard borderColor__standard"
    />
  </div>
  <div
    class="paddingBottom__xsmall"
  >
    <input
      aria-describedby="2-message"
      class="Checkbox__realCheckbox"
      id="2"
      type="checkbox"
    />
    <div
      class="Checkbox__content"
    >
      <label
        class="Checkbox__label Box__root borderColor__standard paddingTop__xsmall paddingRight__gutter paddingLeft__gutter"
        for="2"
        style="min-height: 44px;"
      >
        <div
          class="Checkbox__checkboxContainer Box__root borderColor__standard marginRight__medium"
          style="width: 24px; height: 24px; margin-top: 10px;"
        >
          <div
            class="Checkbox__checkbox borderRadius__standard Box__root backgroundColor__input borderColor__standard borderWidth__standard"
          />
          <div
            class="Checkbox__checkbox Checkbox__checkboxHover borderRadius__standard Box__root backgroundColor__input borderColor__formAccent borderWidth__standard"
          />
          <div
            class="Checkbox__checkbox Checkbox__checkboxFocus boxShadow__focus borderRadius__standard transition__fast Box__root backgroundColor__input borderColor__standard"
          />
          <div
            class="Checkbox__checkbox Checkbox__checkboxChecked backgroundColor__formAccent borderRadius__standard transition__fast Box__root backgroundColor__input borderColor__formAccent borderWidth__standard"
          />
          <div
            class="Checkbox__checkbox Checkbox__checkboxDisabled borderRadius__standard transition__fast Box__root backgroundColor__inputDisabled borderColor__standard borderWidth__standard"
          />
          <div
            class="Checkbox__checkbox Checkbox__checkboxCritical borderRadius__standard transition__fast Box__root borderColor__critical borderWidth__standard"
            style="opacity: 0;"
          />
          <svg
            class="Checkbox__checkboxIcon fill__white transition__fast Icon__fillSize Box__root borderColor__standard"
            height="16"
            viewBox="90.471 302.809 823 823"
            width="16"
          >
            <path
              d="M365.407 1022.185L90.677 747.457l67.883-67.882L365.406 886.42l479.977-479.988 67.883 67.882"
            />
          </svg>
        </div>
        <div
          class="Text__block fontFamily__text color__neutral fontSize__interaction fontWeight__regular Box__root borderColor__standard"
        >
          Label 2
        </div>
      </label>
    </div>
    <div
      class="Box__root borderColor__standard paddingRight__gutter paddingLeft__gutter"
    >
      <div
        class="Text__block fontFamily__text color__neutral fontSize__standard fontWeight__regular transform__standardText Box__root borderColor__standard paddingBottom__small"
        id="2-message"
        tabindex="-1"
      >
        <div
          class="FieldMessage__content"
        >
          <div
            class="height__standardText"
          />
          <div />
        </div>
      </div>
    </div>
  </div>
  <div
    class="Divider__root Box__root borderColor__standard"
  >
    <div
      class="Divider__divider borderWidth__standard borderColor__standard"
    />
  </div>
  <div
    class="paddingBottom__xsmall"
  >
    <input
      aria-describedby="3-message"
      class="Checkbox__realCheckbox"
      id="3"
      type="checkbox"
    />
    <div
      class="Checkbox__content"
    >
      <label
        class="Checkbox__label Box__root borderColor__standard paddingTop__xsmall paddingRight__gutter paddingLeft__gutter"
        for="3"
        style="min-height: 44px;"
      >
        <div
          class="Checkbox__checkboxContainer Box__root borderColor__standard marginRight__medium"
          style="width: 24px; height: 24px; margin-top: 10px;"
        >
          <div
            class="Checkbox__checkbox borderRadius__standard Box__root backgroundColor__input borderColor__standard borderWidth__standard"
          />
          <div
            class="Checkbox__checkbox Checkbox__checkboxHover borderRadius__standard Box__root backgroundColor__input borderColor__formAccent borderWidth__standard"
          />
          <div
            class="Checkbox__checkbox Checkbox__checkboxFocus boxShadow__focus borderRadius__standard transition__fast Box__root backgroundColor__input borderColor__standard"
          />
          <div
            class="Checkbox__checkbox Checkbox__checkboxChecked backgroundColor__formAccent borderRadius__standard transition__fast Box__root backgroundColor__input borderColor__formAccent borderWidth__standard"
          />
          <div
            class="Checkbox__checkbox Checkbox__checkboxDisabled borderRadius__standard transition__fast Box__root backgroundColor__inputDisabled borderColor__standard borderWidth__standard"
          />
          <div
            class="Checkbox__checkbox Checkbox__checkboxCritical borderRadius__standard transition__fast Box__root borderColor__critical borderWidth__standard"
            style="opacity: 0;"
          />
          <svg
            class="Checkbox__checkboxIcon fill__white transition__fast Icon__fillSize Box__root borderColor__standard"
            height="16"
            viewBox="90.471 302.809 823 823"
            width="16"
          >
            <path
              d="M365.407 1022.185L90.677 747.457l67.883-67.882L365.406 886.42l479.977-479.988 67.883 67.882"
            />
          </svg>
        </div>
        <div
          class="Text__block fontFamily__text color__neutral fontSize__interaction fontWeight__regular Box__root borderColor__standard"
        >
          Label 3
        </div>
      </label>
    </div>
    <div
      class="Box__root borderColor__standard paddingRight__gutter paddingLeft__gutter"
    >
      <div
        class="Text__block fontFamily__text color__neutral fontSize__standard fontWeight__regular transform__standardText Box__root borderColor__standard paddingBottom__small"
        id="3-message"
        tabindex="-1"
      >
        <div
          class="FieldMessage__content"
        >
          <div
            class="height__standardText"
          />
          <div />
        </div>
      </div>
    </div>
  </div>
</div>
`;

exports[`ChecklistCard Theme: wireframe Default 1`] = `
<div
  class="Box__root backgroundColor__card borderColor__standard marginBottom__medium"
>
  <div
    class="paddingBottom__xsmall"
  >
    <input
      aria-describedby="1-message"
      class="Checkbox__realCheckbox"
      id="1"
      type="checkbox"
    />
    <div
      class="Checkbox__content"
    >
      <label
        class="Checkbox__label Box__root borderColor__standard paddingTop__xsmall paddingRight__gutter paddingLeft__gutter"
        for="1"
        style="min-height: 48px;"
      >
        <div
          class="Checkbox__checkboxContainer Box__root borderColor__standard marginRight__medium"
          style="width: 30px; height: 30px; margin-top: 9px;"
        >
          <div
            class="Checkbox__checkbox borderRadius__standard Box__root backgroundColor__input borderColor__standard borderWidth__standard"
          />
          <div
            class="Checkbox__checkbox Checkbox__checkboxHover borderRadius__standard Box__root backgroundColor__input borderColor__formAccent borderWidth__standard"
          />
          <div
            class="Checkbox__checkbox Checkbox__checkboxFocus boxShadow__focus borderRadius__standard transition__fast Box__root backgroundColor__input borderColor__standard"
          />
          <div
            class="Checkbox__checkbox Checkbox__checkboxChecked backgroundColor__formAccent borderRadius__standard transition__fast Box__root backgroundColor__input borderColor__formAccent borderWidth__standard"
          />
          <div
            class="Checkbox__checkbox Checkbox__checkboxDisabled borderRadius__standard transition__fast Box__root backgroundColor__inputDisabled borderColor__standard borderWidth__standard"
          />
          <div
            class="Checkbox__checkbox Checkbox__checkboxCritical borderRadius__standard transition__fast Box__root borderColor__critical borderWidth__standard"
            style="opacity: 0;"
          />
          <svg
            class="Checkbox__checkboxIcon fill__white transition__fast Icon__fillSize Box__root borderColor__standard"
            height="16"
            viewBox="90.471 302.809 823 823"
            width="16"
          >
            <path
              d="M365.407 1022.185L90.677 747.457l67.883-67.882L365.406 886.42l479.977-479.988 67.883 67.882"
            />
          </svg>
        </div>
        <div
          class="Text__block fontFamily__text color__neutral fontSize__interaction fontWeight__regular Box__root borderColor__standard"
        >
          Label 1
        </div>
      </label>
    </div>
    <div
      class="Box__root borderColor__standard paddingRight__gutter paddingLeft__gutter"
    >
      <div
        class="Text__block fontFamily__text color__neutral fontSize__standard fontWeight__regular transform__standardText Box__root borderColor__standard paddingBottom__small"
        id="1-message"
        tabindex="-1"
      >
        <div
          class="FieldMessage__content"
        >
          <div
            class="height__standardText"
          />
          <div />
        </div>
      </div>
    </div>
  </div>
  <div
    class="Divider__root Box__root borderColor__standard"
  >
    <div
      class="Divider__divider borderWidth__standard borderColor__standard"
    />
  </div>
  <div
    class="paddingBottom__xsmall"
  >
    <input
      aria-describedby="2-message"
      class="Checkbox__realCheckbox"
      id="2"
      type="checkbox"
    />
    <div
      class="Checkbox__content"
    >
      <label
        class="Checkbox__label Box__root borderColor__standard paddingTop__xsmall paddingRight__gutter paddingLeft__gutter"
        for="2"
        style="min-height: 48px;"
      >
        <div
          class="Checkbox__checkboxContainer Box__root borderColor__standard marginRight__medium"
          style="width: 30px; height: 30px; margin-top: 9px;"
        >
          <div
            class="Checkbox__checkbox borderRadius__standard Box__root backgroundColor__input borderColor__standard borderWidth__standard"
          />
          <div
            class="Checkbox__checkbox Checkbox__checkboxHover borderRadius__standard Box__root backgroundColor__input borderColor__formAccent borderWidth__standard"
          />
          <div
            class="Checkbox__checkbox Checkbox__checkboxFocus boxShadow__focus borderRadius__standard transition__fast Box__root backgroundColor__input borderColor__standard"
          />
          <div
            class="Checkbox__checkbox Checkbox__checkboxChecked backgroundColor__formAccent borderRadius__standard transition__fast Box__root backgroundColor__input borderColor__formAccent borderWidth__standard"
          />
          <div
            class="Checkbox__checkbox Checkbox__checkboxDisabled borderRadius__standard transition__fast Box__root backgroundColor__inputDisabled borderColor__standard borderWidth__standard"
          />
          <div
            class="Checkbox__checkbox Checkbox__checkboxCritical borderRadius__standard transition__fast Box__root borderColor__critical borderWidth__standard"
            style="opacity: 0;"
          />
          <svg
            class="Checkbox__checkboxIcon fill__white transition__fast Icon__fillSize Box__root borderColor__standard"
            height="16"
            viewBox="90.471 302.809 823 823"
            width="16"
          >
            <path
              d="M365.407 1022.185L90.677 747.457l67.883-67.882L365.406 886.42l479.977-479.988 67.883 67.882"
            />
          </svg>
        </div>
        <div
          class="Text__block fontFamily__text color__neutral fontSize__interaction fontWeight__regular Box__root borderColor__standard"
        >
          Label 2
        </div>
      </label>
    </div>
    <div
      class="Box__root borderColor__standard paddingRight__gutter paddingLeft__gutter"
    >
      <div
        class="Text__block fontFamily__text color__neutral fontSize__standard fontWeight__regular transform__standardText Box__root borderColor__standard paddingBottom__small"
        id="2-message"
        tabindex="-1"
      >
        <div
          class="FieldMessage__content"
        >
          <div
            class="height__standardText"
          />
          <div />
        </div>
      </div>
    </div>
  </div>
  <div
    class="Divider__root Box__root borderColor__standard"
  >
    <div
      class="Divider__divider borderWidth__standard borderColor__standard"
    />
  </div>
  <div
    class="paddingBottom__xsmall"
  >
    <input
      aria-describedby="3-message"
      class="Checkbox__realCheckbox"
      id="3"
      type="checkbox"
    />
    <div
      class="Checkbox__content"
    >
      <label
        class="Checkbox__label Box__root borderColor__standard paddingTop__xsmall paddingRight__gutter paddingLeft__gutter"
        for="3"
        style="min-height: 48px;"
      >
        <div
          class="Checkbox__checkboxContainer Box__root borderColor__standard marginRight__medium"
          style="width: 30px; height: 30px; margin-top: 9px;"
        >
          <div
            class="Checkbox__checkbox borderRadius__standard Box__root backgroundColor__input borderColor__standard borderWidth__standard"
          />
          <div
            class="Checkbox__checkbox Checkbox__checkboxHover borderRadius__standard Box__root backgroundColor__input borderColor__formAccent borderWidth__standard"
          />
          <div
            class="Checkbox__checkbox Checkbox__checkboxFocus boxShadow__focus borderRadius__standard transition__fast Box__root backgroundColor__input borderColor__standard"
          />
          <div
            class="Checkbox__checkbox Checkbox__checkboxChecked backgroundColor__formAccent borderRadius__standard transition__fast Box__root backgroundColor__input borderColor__formAccent borderWidth__standard"
          />
          <div
            class="Checkbox__checkbox Checkbox__checkboxDisabled borderRadius__standard transition__fast Box__root backgroundColor__inputDisabled borderColor__standard borderWidth__standard"
          />
          <div
            class="Checkbox__checkbox Checkbox__checkboxCritical borderRadius__standard transition__fast Box__root borderColor__critical borderWidth__standard"
            style="opacity: 0;"
          />
          <svg
            class="Checkbox__checkboxIcon fill__white transition__fast Icon__fillSize Box__root borderColor__standard"
            height="16"
            viewBox="90.471 302.809 823 823"
            width="16"
          >
            <path
              d="M365.407 1022.185L90.677 747.457l67.883-67.882L365.406 886.42l479.977-479.988 67.883 67.882"
            />
          </svg>
        </div>
        <div
          class="Text__block fontFamily__text color__neutral fontSize__interaction fontWeight__regular Box__root borderColor__standard"
        >
          Label 3
        </div>
      </label>
    </div>
    <div
      class="Box__root borderColor__standard paddingRight__gutter paddingLeft__gutter"
    >
      <div
        class="Text__block fontFamily__text color__neutral fontSize__standard fontWeight__regular transform__standardText Box__root borderColor__standard paddingBottom__small"
        id="3-message"
        tabindex="-1"
      >
        <div
          class="FieldMessage__content"
        >
          <div
            class="height__standardText"
          />
          <div />
        </div>
      </div>
    </div>
  </div>
</div>
`;
