// Jest Snapshot v1, https://goo.gl/fbAQLP

exports[`build Vanilla Extract files imported as side-effects 1`] = `
### dist/lib/components/private/hideFocusRings/hideFocusRings.mjs:
1 │ import "./hideFocusRings.css.mjs";

### dist/lib/themes/apac/index.mjs:
1 │ import "./apacTheme.css.mjs";

### dist/lib/themes/docs/index.mjs:
1 │ import "./docsTheme.css.mjs";

### dist/lib/themes/seekBusiness/index.mjs:
1 │ import "./seekBusinessTheme.css.mjs";

### dist/lib/themes/seekJobs/index.mjs:
1 │ import "./seekJobs.css.mjs";

### dist/lib/themes/wireframe/index.mjs:
1 │ import "./wireframeTheme.css.mjs";

### dist/reset.mjs:
1 │ import "./lib/css/reset/reset.css.mjs";
2 │ import "./lib/css/atoms/sprinkles.css.mjs";
`;

exports[`build side-effects from dist 1`] = `
[
  "dist/lib/components/BraidProvider/BraidProvider.cjs",
  "dist/lib/components/BraidProvider/BraidProvider.mjs",
  "dist/lib/css/reset/resetTracker.cjs",
  "dist/lib/css/reset/resetTracker.mjs",
  "dist/playroom/components.cjs",
  "dist/playroom/components.mjs",
  "dist/reset.cjs",
  "dist/reset.mjs",
]
`;

exports[`build side-effects from src 1`] = `
[
  "src/entries/playroom/components.ts",
  "src/entries/reset.ts",
  "src/lib/components/BraidProvider/BraidProvider.tsx",
  "src/lib/css/reset/resetTracker.ts",
]
`;
