// Jest Snapshot v1, https://goo.gl/fbAQLP

exports[`Strong Theme: jobStreet Default 1`] = `
<strong
  class="fontWeight__strong"
>
  Children
</strong>
`;

exports[`Strong Theme: seekAnz Default 1`] = `
<strong
  class="fontWeight__strong"
>
  Children
</strong>
`;

exports[`Strong Theme: seekAsia Default 1`] = `
<strong
  class="fontWeight__strong"
>
  Children
</strong>
`;
