// Jest Snapshot v1, https://goo.gl/fbAQLP

exports[`Card Theme: jobStreet Default 1`] = `
<div
  class="Box__root borderColor__standard paddingBottom__medium"
>
  <div
    class="Box__root backgroundColor__card borderColor__standard"
  >
    Children
  </div>
</div>
`;

exports[`Card Theme: seekAnz Default 1`] = `
<div
  class="Box__root borderColor__standard paddingBottom__medium"
>
  <div
    class="Box__root backgroundColor__card borderColor__standard"
  >
    Children
  </div>
</div>
`;

exports[`Card Theme: seekAsia Default 1`] = `
<div
  class="Box__root borderColor__standard paddingBottom__medium"
>
  <div
    class="Box__root backgroundColor__card borderColor__standard"
  >
    Children
  </div>
</div>
`;

exports[`Card Theme: wireframe Default 1`] = `
<div
  class="Box__root borderColor__standard paddingBottom__medium"
>
  <div
    class="Box__root backgroundColor__card borderColor__standard"
  >
    Children
  </div>
</div>
`;
